# BGM に使うファイルをパス指定。絶対パスでも指定できるが、相対パス推奨。
BGM: foreground.ogg

# 0: 地上
# 1: 地下
# 2: 水中
# M: 城
MODE: 0

# (空白): 空気
# 0: 地面
# O: コイン
# S: スタート地点
# M: 雑魚敵
# #: レンガ
# ?: はてなコイン
# !: はてなキノコ
# G: ゴール
MAPSTART:
                                                                                                                                                                                                                  
                                                                                                                                                                                                                  
                                                                                                                                                                                                                  
                                                                                                                                                                                                                  
                                  #                                                                                                                    ##################                                         
                                                                                                                                                                                                                  
                                                                                                     ###                                                                                                          
                             #  #!#?#                       OOO                     ###              ###           ###                             #!#                                                            
                                                   ###     O   O    ###             ###              ###           ###                                                                                            
   S                          M M                  ###              ###             ###              ###           ###                                                              G                             
00000000000000000000000000000000000000000000000000000000000     0000000000000000000000000000000000000000000000000000000000000000      0000000000000000000000000000000000000000000000000000000000000000000000000000
00000000000000000000000000000000000000000000000000000000000     0000000000000000000000000000000000000000000000000000000000000000      0000000000000000000000000000000000000000000000000000000000000000000000000000

# マップの終端はMAPEND:で終わらせる。マップがファイルの最後まで続く場合は省略してもOK!
MAPEND:
